LATEST_MESSAGES: [
  {
    "id": "95bbc312-691e-4c2a-8af1-30bae66f91c2",
    "is_from_contact": true,
    "content": "There?",
    "created_at": "2026-07-03T18:26:45.311Z"
  },
  {
    "id": "bad14640-5b72-44a0-add5-4f2aaa1c3b81",
    "is_from_contact": true,
    "content": "Let's do chocolate lava cake",
    "created_at": "2026-07-03T18:23:22.771Z"
  },
  {
    "id": "879cc93d-29d6-42ee-b7de-0849aa722a7c",
    "is_from_contact": true,
    "content": "Share menu",
    "created_at": "2026-07-03T18:22:55.168Z"
  },
  {
    "id": "19b94654-f50e-4350-9f48-f8a776e532a8",
    "is_from_contact": true,
    "content": "Heyy there?",
    "created_at": "2026-07-03T18:18:40.460Z"
  },
  {
    "id": "a19c876a-a20a-4d22-beae-3a079dc640c3",
    "is_from_contact": true,
    "content": "Heyy\nI need to order",
    "created_at": "2026-07-03T17:48:31.431Z"
  }
]
LATEST_RUNS: [
  {
    "id": "9ac959c1-091a-4d1a-8613-330fce6e92f3",
    "workflow_id": "e79c7b9b-aa07-4818-a418-5394ad00aebd",
    "status": "completed",
    "error_message": null,
    "started_at": "2026-07-03T18:26:46.719Z"
  },
  {
    "id": "805e372b-aa4d-4b10-9a61-be2caf083440",
    "workflow_id": "e79c7b9b-aa07-4818-a418-5394ad00aebd",
    "status": "failed",
    "error_message": "Database structured execution failed: invalid input syntax for type json",
    "started_at": "2026-07-03T18:23:24.196Z"
  },
  {
    "id": "c685ea29-59e5-4d53-a2c7-f77fc6d711fb",
    "workflow_id": "e79c7b9b-aa07-4818-a418-5394ad00aebd",
    "status": "completed",
    "error_message": null,
    "started_at": "2026-07-03T18:22:56.571Z"
  },
  {
    "id": "72ff2f62-cfa9-4c82-bb2a-d04893a3ffc7",
    "workflow_id": "e79c7b9b-aa07-4818-a418-5394ad00aebd",
    "status": "completed",
    "error_message": null,
    "started_at": "2026-07-03T18:18:41.727Z"
  },
  {
    "id": "047fdd5f-55e8-4df1-be1d-bae0e3ee5e9d",
    "workflow_id": "e79c7b9b-aa07-4818-a418-5394ad00aebd",
    "status": "failed",
    "error_message": "Database structured execution failed: invalid input syntax for type json",
    "started_at": "2026-07-03T17:48:32.708Z"
  }
]
LATEST_NODE_LOGS: [
  {
    "id": "0946914a-fa8d-4670-b735-177c0e08bab4",
    "run_id": "9ac959c1-091a-4d1a-8613-330fce6e92f3",
    "node_id": "send_inquiry_reply",
    "status": "success",
    "error_message": null,
    "started_at": "2026-07-03T18:26:51.718Z"
  },
  {
    "id": "6ba89927-99ed-4860-ba32-0fc15628d183",
    "run_id": "9ac959c1-091a-4d1a-8613-330fce6e92f3",
    "node_id": "rag_inquiry",
    "status": "success",
    "error_message": null,
    "started_at": "2026-07-03T18:26:49.898Z"
  },
  {
    "id": "c3b0acd2-e44c-4bc2-97b8-e9a637ce4764",
    "run_id": "9ac959c1-091a-4d1a-8613-330fce6e92f3",
    "node_id": "router_switch",
    "status": "success",
    "error_message": null,
    "started_at": "2026-07-03T18:26:49.643Z"
  },
  {
    "id": "c1739577-2437-4e1e-9476-3588153d3c31",
    "run_id": "9ac959c1-091a-4d1a-8613-330fce6e92f3",
    "node_id": "intent_router",
    "status": "success",
    "error_message": null,
    "started_at": "2026-07-03T18:26:47.986Z"
  },
  {
    "id": "f2fd4ddf-c731-4af3-abb6-693f58d19c70",
    "run_id": "9ac959c1-091a-4d1a-8613-330fce6e92f3",
    "node_id": "webhook_trigger",
    "status": "success",
    "error_message": null,
    "started_at": "2026-07-03T18:26:46.881Z"
  },
  {
    "id": "dbc1a6dd-797f-43ad-ad60-97825281ebe9",
    "run_id": "805e372b-aa4d-4b10-9a61-be2caf083440",
    "node_id": "order_number_gen",
    "status": "success",
    "error_message": null,
    "started_at": "2026-07-03T18:23:27.186Z"
  },
  {
    "id": "56c45c3b-9b62-49bd-b95e-25bc8bdb9cb2",
    "run_id": "805e372b-aa4d-4b10-9a61-be2caf083440",
    "node_id": "router_switch",
    "status": "success",
    "error_message": null,
    "started_at": "2026-07-03T18:23:26.929Z"
  },
  {
    "id": "61bc5de8-89e0-43d4-b8cd-d0d5c19313b9",
    "run_id": "805e372b-aa4d-4b10-9a61-be2caf083440",
    "node_id": "intent_router",
    "status": "success",
    "error_message": null,
    "started_at": "2026-07-03T18:23:25.444Z"
  },
  {
    "id": "41e84300-19cc-4816-b19d-2c1065676486",
    "run_id": "805e372b-aa4d-4b10-9a61-be2caf083440",
    "node_id": "webhook_trigger",
    "status": "success",
    "error_message": null,
    "started_at": "2026-07-03T18:23:24.360Z"
  },
  {
    "id": "b8fe0803-df89-429e-ac32-d38572eba244",
    "run_id": "c685ea29-59e5-4d53-a2c7-f77fc6d711fb",
    "node_id": "send_inquiry_reply",
    "status": "success",
    "error_message": null,
    "started_at": "2026-07-03T18:23:03.245Z"
  }
]
{"timestamp":"2026-07-03T18:22:53.322Z","level":"LOG","message":"6:22:53 PM [express] serving on port 3000"}
{"timestamp":"2026-07-03T18:22:53.323Z","level":"LOG","message":"6:22:53 PM [express] Background Worker for workflow_pauses started."}
{"timestamp":"2026-07-03T18:22:53.341Z","level":"LOG","message":"Webhook POST received: {\"object\":\"whatsapp_business_account\",\"entries\":1}"}
{"timestamp":"2026-07-03T18:22:54.584Z","level":"LOG","message":"Webhook: matched container 39608396-63b9-424e-b1ec-9c9b722a8f6e for wabaId: 1715922699307037"}
{"timestamp":"2026-07-03T18:22:54.584Z","level":"LOG","message":"Webhook: signature verified for container: 39608396-63b9-424e-b1ec-9c9b722a8f6e"}
{"timestamp":"2026-07-03T18:22:54.585Z","level":"LOG","message":"Webhook: incoming message from 923161589950 (normalized: 923161589950 ) type: text preview: Share menu"}
{"timestamp":"2026-07-03T18:22:54.832Z","level":"LOG","message":"Webhook: matched existing contact: ccc6e8b0-d886-4fa3-9308-a4b3a1952446 Faris Rizvi +923161589950"}
{"timestamp":"2026-07-03T18:22:55.574Z","level":"LOG","message":"Webhook: stored message: 879cc93d-29d6-42ee-b7de-0849aa722a7c"}
{"timestamp":"2026-07-03T18:22:56.231Z","level":"LOG","message":"[Webhook] Sent typing_on indicator to 923161589950"}
{"timestamp":"2026-07-03T18:22:56.231Z","level":"LOG","message":"[Webhook] Triggering active workflow e79c7b9b-aa07-4818-a418-5394ad00aebd for message from 923161589950"}
{"timestamp":"2026-07-03T18:22:56.232Z","level":"LOG","message":"[DAG Engine] Starting execution for Workflow e79c7b9b-aa07-4818-a418-5394ad00aebd (Test: false, Resumed: false)"}
{"timestamp":"2026-07-03T18:22:56.237Z","level":"LOG","message":"6:22:56 PM [express] POST /api/webhook 200 in 2900ms :: {\"status\":\"ok\"}"}
{"timestamp":"2026-07-03T18:22:56.728Z","level":"LOG","message":"[DAG Engine] Executing Node: Incoming WhatsApp Message (webhook_trigger)"}
{"timestamp":"2026-07-03T18:22:57.797Z","level":"LOG","message":"[DAG Engine] Executing Node: Restaurant Intent AI (intent_router)"}
{"timestamp":"2026-07-03T18:23:00.491Z","level":"LOG","message":"[DAG Engine] Executing Node: Route Intent (router_switch)"}
{"timestamp":"2026-07-03T18:23:00.741Z","level":"LOG","message":"[DAG Engine] Executing Node: Menu Inquiry (RAG) (rag_inquiry)"}
{"timestamp":"2026-07-03T18:23:03.245Z","level":"LOG","message":"[DAG Engine] Executing Node: Send Answer (send_inquiry_reply)"}
{"timestamp":"2026-07-03T18:23:04.472Z","level":"LOG","message":"[DAG Engine] Found sentText in node \"send_inquiry_reply\": Here's a concise overview of our menu:\n\n**Mains:**\n- Classic Cheeseburger: 1200 PKR\n- Spicy Bacon Bu"}
{"timestamp":"2026-07-03T18:23:05.241Z","level":"LOG","message":"Webhook POST received: {\"object\":\"whatsapp_business_account\",\"entries\":1}"}
{"timestamp":"2026-07-03T18:23:05.486Z","level":"LOG","message":"Webhook: matched container 39608396-63b9-424e-b1ec-9c9b722a8f6e for wabaId: 1715922699307037"}
{"timestamp":"2026-07-03T18:23:05.486Z","level":"LOG","message":"Webhook: signature verified for container: 39608396-63b9-424e-b1ec-9c9b722a8f6e"}
{"timestamp":"2026-07-03T18:23:05.486Z","level":"LOG","message":"Webhook: message status update: {\"messageId\":\"wamid.HBgMOTIzMTYxNTg5OTUwFQIAERgSNDlCMkU3NjNDRjJEMTZDMUVCAA==\",\"status\":\"sent\",\"recipient\":\"923161589950\"}"}
{"timestamp":"2026-07-03T18:23:05.488Z","level":"LOG","message":"6:23:05 PM [express] POST /api/webhook 200 in 246ms :: {\"status\":\"ok\"}"}
{"timestamp":"2026-07-03T18:23:06.518Z","level":"LOG","message":"6:23:06 PM [express] serving on port 3000"}
{"timestamp":"2026-07-03T18:23:06.519Z","level":"LOG","message":"6:23:06 PM [express] Background Worker for workflow_pauses started."}
{"timestamp":"2026-07-03T18:23:06.536Z","level":"LOG","message":"Webhook POST received: {\"object\":\"whatsapp_business_account\",\"entries\":1}"}
{"timestamp":"2026-07-03T18:23:07.797Z","level":"LOG","message":"Webhook: matched container 39608396-63b9-424e-b1ec-9c9b722a8f6e for wabaId: 1715922699307037"}
{"timestamp":"2026-07-03T18:23:07.797Z","level":"LOG","message":"Webhook: signature verified for container: 39608396-63b9-424e-b1ec-9c9b722a8f6e"}
{"timestamp":"2026-07-03T18:23:07.797Z","level":"LOG","message":"Webhook: message status update: {\"messageId\":\"wamid.HBgMOTIzMTYxNTg5OTUwFQIAERgSNDlCMkU3NjNDRjJEMTZDMUVCAA==\",\"status\":\"delivered\",\"recipient\":\"923161589950\"}"}
{"timestamp":"2026-07-03T18:23:07.801Z","level":"LOG","message":"6:23:07 PM [express] POST /api/webhook 200 in 1270ms :: {\"status\":\"ok\"}"}
{"timestamp":"2026-07-03T18:23:21.939Z","level":"LOG","message":"Webhook POST received: {\"object\":\"whatsapp_business_account\",\"entries\":1}"}
{"timestamp":"2026-07-03T18:23:22.188Z","level":"LOG","message":"Webhook: matched container 39608396-63b9-424e-b1ec-9c9b722a8f6e for wabaId: 1715922699307037"}
{"timestamp":"2026-07-03T18:23:22.188Z","level":"LOG","message":"Webhook: signature verified for container: 39608396-63b9-424e-b1ec-9c9b722a8f6e"}
{"timestamp":"2026-07-03T18:23:22.188Z","level":"LOG","message":"Webhook: incoming message from 923161589950 (normalized: 923161589950 ) type: text preview: Let's do chocolate lava cake"}
{"timestamp":"2026-07-03T18:23:22.438Z","level":"LOG","message":"Webhook: matched existing contact: ccc6e8b0-d886-4fa3-9308-a4b3a1952446 Faris Rizvi +923161589950"}
{"timestamp":"2026-07-03T18:23:23.202Z","level":"LOG","message":"Webhook: stored message: bad14640-5b72-44a0-add5-4f2aaa1c3b81"}
{"timestamp":"2026-07-03T18:23:23.859Z","level":"LOG","message":"[Webhook] Sent typing_on indicator to 923161589950"}
{"timestamp":"2026-07-03T18:23:23.859Z","level":"LOG","message":"[Webhook] Triggering active workflow e79c7b9b-aa07-4818-a418-5394ad00aebd for message from 923161589950"}
{"timestamp":"2026-07-03T18:23:23.860Z","level":"LOG","message":"[DAG Engine] Starting execution for Workflow e79c7b9b-aa07-4818-a418-5394ad00aebd (Test: false, Resumed: false)"}
{"timestamp":"2026-07-03T18:23:23.862Z","level":"LOG","message":"6:23:23 PM [express] POST /api/webhook 200 in 1923ms :: {\"status\":\"ok\"}"}
{"timestamp":"2026-07-03T18:23:24.360Z","level":"LOG","message":"[DAG Engine] Executing Node: Incoming WhatsApp Message (webhook_trigger)"}
{"timestamp":"2026-07-03T18:23:25.444Z","level":"LOG","message":"[DAG Engine] Executing Node: Restaurant Intent AI (intent_router)"}
{"timestamp":"2026-07-03T18:23:26.929Z","level":"LOG","message":"[DAG Engine] Executing Node: Route Intent (router_switch)"}
{"timestamp":"2026-07-03T18:23:27.186Z","level":"LOG","message":"[DAG Engine] Executing Node: Gen Order # (order_number_gen)"}
{"timestamp":"2026-07-03T18:23:27.481Z","level":"LOG","message":"[DAG Engine] Executing Node: Save Pending Order (db_insert_order)"}
{"timestamp":"2026-07-03T18:23:27.483Z","level":"LOG","message":"[Database Node] Executing structured SQL: INSERT INTO \"orders\" (\"order_number\", \"items\", \"total_amount\", \"status\") VALUES ($1, $2, $3, $4) RETURNING *; with values: [\"ORD-2673\",\"Let's do chocolate lava cake\",450,\"pending\"]"}
{"timestamp":"2026-07-03T18:23:27.733Z","level":"ERROR","message":"[DAG Engine] Node Failed: Save Pending Order Database structured execution failed: invalid input syntax for type json"}
{"timestamp":"2026-07-03T18:23:27.733Z","level":"ERROR","message":"[DAG Engine] Workflow Failed: Database structured execution failed: invalid input syntax for type json"}
{"timestamp":"2026-07-03T18:23:28.980Z","level":"ERROR","message":"[Webhook workflow execution error] Error: Database structured execution failed: invalid input syntax for type json\n    at Ro (/home/u881780269/domains/whatlify.com/nodejs/dist/index.js:118:9247)\n    at process.processTicksAndRejections (node:internal/process/task_queues:95:5)"}
{"timestamp":"2026-07-03T18:25:02.575Z","level":"LOG","message":"6:25:02 PM [express] GET /api/auth/user 200 in 754ms :: {\"id\":\"91c650ee-a9db-4107-b12e-8074584590b1\",\"email\":\"faris.quecko@gmail.com\",\"username\":\"sfarisrizvi\",\"firstName\":\"Faris\",\"lastName\":\"Rizvi\",\"profileImageUrl\":null,\"createdAt\":\"2026-06-02T13:13:24.484Z\",\"updatedAt\":\"2026-06-02T13:13:24.484Z\"}"}
{"timestamp":"2026-07-03T18:25:04.130Z","level":"LOG","message":"6:25:04 PM [express] GET /api/containers 200 in 1491ms :: [{\"id\":\"39608396-63b9-424e-b1ec-9c9b722a8f6e\",\"name\":\"Quick\",\"phoneNumber\":null,\"businessName\":\"Quick Bot\",\"phoneNumberId\":\"532758106597756\",\"wabaId\":\"1715922699307037\",\"apiKey\":\"EAAKp1GDxRFYBRi4w4IehJKeHoxSGLJd3Ls3DmcM1c8D3i6SuYZCKnOUvZBNZAbRiX5BXVpIClN2yvjqivHfQtENbcNvvs4F5ExzFsD7ROv2B2XUTykgIYQ3S5PCQOlToIYF57qVU7K7NaiNOp6tZB1vXyq1a7QTV74aVP8xK7tgyq5uYe44mZCYYemJNxZAmmLqwZDZD\",\"apiEndpoint\":\"https://graph.facebook.com/v18.0/\",\"appSecret\":\"bae6efd8ffb9a30e07a59c8114cee9d3\",\"webhookVerifyToken\":\"7f9f4b6bea7b476c98346c30\",\"isConfigured\":true,\"ownerId\":\"91c650ee-a9db-4107-b12e-8074584590b1\",\"createdAt\":\"2026-06-02T13:13:26.129Z\"}]"}
{"timestamp":"2026-07-03T18:25:05.808Z","level":"LOG","message":"6:25:05 PM [express] GET /api/notifications 200 in 2257ms :: [{\"id\":\"67edb8b0-a970-4a16-bd7c-ba707e5a61c7\",\"userId\":\"91c650ee-a9db-4107-b12e-8074584590b1\",\"containerId\":\"39608396-63b9-424e-b1ec-9c9b722a8f6e\",\"title\":\"Order Updated\",\"body\":\"Order TCH-9988 has been updated by Faris Rizvi for a total of PKR 290,000.\",\"type\":\"order_updated\",\"isRead\":false,\"createdAt\":\"2026-06-10T14:36:27.389Z\"},{\"id\":\"ef1de3d1-9476-4bfe-96c6-2fa205fc5525\",\"userId\":\"91c650ee-a9db-4107-b12e-8074584590b1\",\"containerId\":\"39608396-63b9-424e-b1ec-9c9b722a8f6e\",\"title\":\"Order Updated\",\"body\":\"Order TCH-9988 has been updated by Faris Rizvi for a total of PKR 290,000.\",\"type\":\"order_updated\",\"isRead\":false,\"createdAt\":\"2026-06-10T14:36:12.129Z\"},{\"id\":\"eaf7aa32-260c-40d8-aa97-3f6d4593f6a4\",\"userId\":\"91c650ee-a9db-4107-b12e-8074584590b1\",\"containerId\":\"39608396-63b9-424e-b1ec-9c9b722a8f6e\",\"title\":\"Order Updated\",\"body\":\"Order TCH-9988 has been updated by Faris Rizvi for a total of PKR 290,000.\",\"type\":\"order_updated\",\"isRead\":false,\"createdAt\":\"2026-06-10T14:35:44.600Z\"},{\"id\":\"c4cf65af-9796-4391-af66-81adbda57fa8\",\"userId\":\"91c650ee-a9db-4107-b12e-8074584590b1\",\"containerId\":\"39608396-63b9-424e-b1ec-9c9b722a8f6e\",\"title\":\"New Order Booked\",\"body\":\"Order TCH-9988 has been booked by Faris Rizvi for a total of PKR 290,000.\",\"type\":\"order_booked\",\"isRead\":false,\"createdAt\":\"2026-06-10T14:35:22.189Z\"},{\"id\":\"34501bf3-d8fd-4b2b-8d76-40b7718a499e\",\"userId\":\"91c650ee-a9db-4107-b12e-8074584590b1\",\"containerId\":\"39608396-63b9-424e-b1ec-9c9b722a8f6e\",\"title\":\"Order Updated\",\"body\":\"Order ORD-824163 has been updated by Faris Rizvi for a total of PKR 290,000.\",\"type\":\"order_updated\",\"isRead\":false,\"createdAt\":\"2026-06-10T14:20:33.476Z\"},{\"id\":\"6a9668c9-716e-479b-b1b6-990a63138097\",\"userId\":\"91c650ee-a9db-4107-b12e-8074584590b1\",\"containerId\":\"39608396-63b9-424e-b1ec-9c9b722a8f6e\",\"title\":\"Order Updated\",\"body\":\"Order ORD-824163 has been updated by Faris Rizvi for a total of PKR 290,000.\",\"type\":\"order_updated\",\"isRead\":false,\"createdAt\":\"2026-06-10T14:20:07.054Z\"},{\"id\":\"8ca7d67a-77e5-4877-8359-6977dda39990\",\"userId\":\"91c650ee-a9db-4107-b12e-8074584590b1\",\"containerId\":\"39608396-63b9-424e-b1ec-9c9b722a8f6e\",\"title\":\"Order Updated\",\"body\":\"Order ORD-824163 has been updated by Faris Rizvi for a total of PKR 290,000.\",\"type\":\"order_updated\",\"isRead\":false,\"createdAt\":\"2026-06-10T14:19:28.392Z\"},{\"id\":\"bc77cfb7-9185-44e4-a2f4-93063debc67d\",\"userId\":\"91c650ee-a9db-4107-b12e-8074584590b1\",\"containerId\":\"39608396-63b9-424e-b1ec-9c9b722a8f6e\",\"title\":\"Order Updated\",\"body\":\"Order ORD-824163 has been updated by Faris Rizvi for a total of PKR 290,000.\",\"type\":\"order_updated\",\"isRead\":false,\"createdAt\":\"2026-06-10T14:19:11.104Z\"},{\"id\":\"86eafe03-7403-4046-a66d-93b96a4d555f\",\"userId\":\"91c650ee-a9db-4107-b12e-8074584590b1\",\"containerId\":\"39608396-63b9-424e-b1ec-9c9b722a8f6e\",\"title\":\"Order Updated\",\"body\":\"Order ORD-824163 has been updated by Faris Rizvi for a total of PKR 290,000.\",\"type\":\"order_updated\",\"isRead\":false,\"createdAt\":\"2026-06-10T14:18:44.235Z\"},{\"id\":\"dbd48516-a33a-4e45-906c-d4c1cef790d6\",\"userId\":\"91c650ee-a9db-4107-b12e-8074584590b1\",\"containerId\":\"39608396-63b9-424e-b1ec-9c9b722a8f6e\",\"title\":\"Order Updated\",\"body\":\"Order ORD-824163 has been updated by Faris Rizvi for a total of PKR 130,000.\",\"type\":\"order_updated\",\"isRead\":false,\"createdAt\":\"2026-06-10T14:18:05.040Z\"},{\"id\":\"21f36dc6-e7a0-4a88-a8a9-12897757e6f5\",\"userId\":\"91c650ee-a9db-4107-b12e-8074584590b1\",\"containerId\":\"39608396-63b9-424e-b1ec-9c9b722a8f6e\",\"title\":\"Order Updated\",\"body\":\"Order ORD-824163 has been updated by Faris Rizvi for a total of PKR 130,000.\",\"type\":\"order_updated\",\"isRead\":false,\"createdAt\":\"2026-06-10T14:17:41.851Z\"},{\"id\":\"90aded9e-c582-4093-8e9f-eb11279028d0\",\"userId\":\"91c650ee-a9db-4107-b12e-8074584590b1\",\"containerId\":\"39608396-63b9-424e-b1ec-9c9b722a8f6e\",\"title\":\"Order Updated\",\"body\":\"Order ORD-824163 has been updated by Faris Rizvi for a total of PKR 130,000.\",\"type\":\"order_updated\",\"isRead\":false,\"createdAt\":\"2026-06-10T14:17:15.514Z\"},{\"id\":\"9ff268fd-4f4d-43c1-ab50-ea59c26d5fa4\",\"userId\":\"91c650ee-a9db-4107-b12e-8074584590b1\",\"containerId\":\"39608396-63b9-424e-b1ec-9c9b722a8f6e\",\"title\":\"Order Updated\",\"body\":\"Order ORD-824163 has been updated by Faris Rizvi for a total of PKR 130,000.\",\"type\":\"order_updated\",\"isRead\":false,\"createdAt\":\"2026-06-10T14:15:58.518Z\"},{\"id\":\"ed98c16c-eecb-4637-8b5c-9441c9189471\",\"userId\":\"91c650ee-a9db-4107-b12e-8074584590b1\",\"containerId\":\"39608396-63b9-424e-b1ec-9c9b722a8f6e\",\"title\":\"Order Updated\",\"body\":\"Order ORD-824163 has been updated by Faris Rizvi for a total of PKR 130,000.\",\"type\":\"order_updated\",\"isRead\":false,\"createdAt\":\"2026-06-10T14:15:33.968Z\"},{\"id\":\"4303d72f-cd44-47ab-829d-574757dec592\",\"userId\":\"91c650ee-a9db-4107-b12e-8074584590b1\",\"containerId\":\"39608396-63b9-424e-b1ec-9c9b722a8f6e\",\"title\":\"Order Updated\",\"body\":\"Order ORD-824163 has been updated by Faris Rizvi for a total of PKR 130,000.\",\"type\":\"order_updated\",\"isRead\":false,\"createdAt\":\"2026-06-10T14:14:46.654Z\"},{\"id\":\"5eceb7c3-8bc6-4745-927a-5e7bc79175b1\",\"userId\":\"91c650ee-a9db-4107-b12e-8074584590b1\",\"containerId\":\"39608396-63b9-424e-b1ec-9c9b722a8f6e\",\"title\":\"Order Updated\",\"body\":\"Order ORD-824163 has been updated by Faris Rizvi for a total of PKR 35,000.\",\"type\":\"order_updated\",\"isRead\":false,\"createdAt\":\"2026-06-10T14:14:27.106Z\"},{\"id\":\"270edc9e-fda6-418d-94e9-1a24cbebb59e\",\"userId\":\"91c650ee-a9db-4107-b12e-8074584590b1\",\"containerId\":\"39608396-63b9-424e-b1ec-9c9b722a8f6e\",\"title\":\"Order Updated\",\"body\":\"Order ORD-824163 has been updated by Faris Rizvi for a total of PKR 35,000.\",\"type\":\"order_updated\",\"isRead\":false,\"createdAt\":\"2026-06-10T14:14:16.917Z\"},{\"id\":\"bad6725d-9c9f-411f-add9-c90d0e2e553e\",\"userId\":\"91c650ee-a9db-4107-b12e-8074584590b1\",\"containerId\":\"39608396-63b9-424e-b1ec-9c9b722a8f6e\",\"title\":\"New Order Booked\",\"body\":\"Order ORD-824163 has been booked by Faris Rizvi for a total of PKR 0.\",\"type\":\"order_booked\",\"isRead\":false,\"createdAt\":\"2026-06-10T14:13:44.734Z\"},{\"id\":\"f431063d-87c0-4da0-8560-dd7d32919fdc\",\"userId\":\"91c650ee-a9db-4107-b12e-8074584590b1\",\"containerId\":\"39608396-63b9-424e-b1ec-9c9b722a8f6e\",\"title\":\"New Order Booked\",\"body\":\"Order ORD-824165 has been booked by Faris Rizvi for a total of PKR 0.\",\"type\":\"order_booked\",\"isRead\":false,\"createdAt\":\"2026-06-10T14:13:44.578Z\"},{\"id\":\"48ca963f-6f8b-4279-86e2-33a8bc83c913\",\"userId\":\"91c650ee-a9db-4107-b12e-8074584590b1\",\"containerId\":\"39608396-63b9-424e-b1ec-9c9b722a8f6e\",\"title\":\"New Order Booked\",\"body\":\"Order TCH-9988 has been booked by Expert for a total of PKR 285,000.\",\"type\":\"order_booked\",\"isRead\":false,\"createdAt\":\"2026-06-08T17:57:42.607Z\"},{\"id\":\"20cfff18-1cdf-4241-9095-098aac72febe\",\"userId\":\"91c650ee-a9db-4107-b12e-8074584590b1\",\"containerId\":\"39608396-63b9-424e-b1ec-9c9b722a8f6e\",\"title\":\"New Order Booked\",\"body\":\"Order ORD-446059 has been booked by Expert for a total of PKR 415,000.\",\"type\":\"order_booked\",\"isRead\":false,\"createdAt\":\"2026-06-08T17:57:26.676Z\"},{\"id\":\"43bdb5fd-195b-4818-a652-a388f328ffdb\",\"userId\":\"91c650ee-a9db-4107-b12e-8074584590b1\",\"containerId\":\"39608396-63b9-424e-b1ec-9c9b722a8f6e\",\"title\":\"New Order Booked\",\"body\":\"Order ORD-414819 has been booked by Expert for a total of PKR 285,000.\",\"type\":\"order_booked\",\"isRead\":false,\"createdAt\":\"2026-06-08T17:56:55.274Z\"},{\"id\":\"e6582096-de54-435a-8b2e-644a231ffeef\",\"userId\":\"91c650ee-a9db-4107-b12e-8074584590b1\",\"containerId\":\"39608396-63b9-424e-b1ec-9c9b722a8f6e\",\"title\":\"New Order Booked\",\"body\":\"Order ORD-400794 has been booked by Expert for a total of PKR 0.\",\"type\":\"order_booked\",\"isRead\":false,\"createdAt\":\"2026-06-08T17:56:41.264Z\"},{\"id\":\"848a43e5-1047-430e-81df-93ab382d5f72\",\"userId\":\"91c650ee-a9db-4107-b12e-8074584590b1\",\"containerId\":\"39608396-63b9-424e-b1ec-9c9b722a8f6e\",\"title\":\"New Order Booked\",\"body\":\"Order ORD-371011 has been booked by Expert for a total of PKR 285,000.\",\"type\":\"order_booked\",\"isRead\":false,\"createdAt\":\"2026-06-08T17:56:11.478Z\"},{\"id\":\"16bb4f14-9ef6-4acf-9008-427ca61b9230\",\"userId\":\"91c650ee-a9db-4107-b12e-8074584590b1\",\"containerId\":\"39608396-63b9-424e-b1ec-9c9b722a8f6e\",\"title\":\"New Order Booked\",\"body\":\"Order TCH-9988 has been booked by Expert for a total of PKR 350,000.\",\"type\":\"order_booked\",\"isRead\":false,\"createdAt\":\"2026-06-08T17:55:51.937Z\"},{\"id\":\"7c527cb7-e782-4088-ae07-ac03fb0712c9\",\"userId\":\"91c650ee-a9db-4107-b12e-8074584590b1\",\"containerId\":\"39608396-63b9-424e-b1ec-9c9b722a8f6e\",\"title\":\"New Order Booked\",\"body\":\"Order ORD-294136 has been booked by Expert for a total of PKR 285,000.\",\"type\":\"order_booked\",\"isRead\":false,\"createdAt\":\"2026-06-08T17:54:54.592Z\"},{\"id\":\"2fce3739-cdd3-47f7-be03-7ce37d6f1f56\",\"userId\":\"91c650ee-a9db-4107-b12e-8074584590b1\",\"containerId\":\"39608396-63b9-424e-b1ec-9c9b722a8f6e\",\"title\":\"New Order Booked\",\"body\":\"Order TCH-9989 has been booked by Expert for a total of PKR 285,000.\",\"type\":\"order_booked\",\"isRead\":false,\"createdAt\":\"2026-06-08T17:54:47.451Z\"},{\"id\":\"de7ac926-75e4-4c40-8589-7370a6cf1e5e\",\"userId\":\"91c650ee-a9db-4107-b12e-8074584590b1\",\"containerId\":\"39608396-63b9-424e-b1ec-9c9b722a8f6e\",\"title\":\"New Order Booked\",\"body\":\"Order ORD-270484 has been booked by Expert for a total of PKR 0.\",\"type\":\"order_booked\",\"isRead\":false,\"createdAt\":\"2026-06-08T17:54:30.938Z\"},{\"id\":\"29565026-7203-48f6-858d-3fd8c122b1f4\",\"userId\":\"91c650ee-a9db-4107-b12e-8074584590b1\",\"containerId\":\"39608396-63b9-424e-b1ec-9c9b722a8f6e\",\"title\":\"New Order Booked\",\"body\":\"Order TCH-9988 has been booked by Expert for a total of PKR 285,000.\",\"type\":\"order_booked\",\"isRead\":false,\"createdAt\":\"2026-06-08T17:53:25.157Z\"},{\"id\":\"adc5a268-02a9-45fc-9489-97304fd47dba\",\"userId\":\"91c650ee-a9db-4107-b12e-8074584590b1\",\"containerId\":\"39608396-63b9-424e-b1ec-9c9b722a8f6e\",\"title\":\"New Order Booked\",\"body\":\"Order ORD-203432 has been booked by Expert for a total of PKR 285,000.\",\"type\":\"order_booked\",\"isRead\":false,\"createdAt\":\"2026-06-08T17:53:23.904Z\"},{\"id\":\"16699323-ba13-4365-a0c3-2cdf871df0ee\",\"userId\":\"91c650ee-a9db-4107-b12e-8074584590b1\",\"containerId\":\"39608396-63b9-424e-b1ec-9c9b722a8f6e\",\"title\":\"New Order Booked\",\"body\":\"Order ORD-172415 has been booked by Expert for a total of PKR 275,000.\",\"type\":\"order_booked\",\"isRead\":false,\"createdAt\":\"2026-06-08T17:52:52.864Z\"},{\"id\":\"63448585-3c0c-4edf-bde1-2068fb853d5a\",\"userId\":\"91c650ee-a9db-4107-b12e-8074584590b1\",\"containerId\":\"39608396-63b9-424e-b1ec-9c9b722a8f6e\",\"title\":\"New Order Booked\",\"body\":\"Order TCH-9989 has been booked by Expert for a total of PKR 285,000.\",\"type\":\"order_booked\",\"isRead\":false,\"createdAt\":\"2026-06-08T17:52:29.118Z\"},{\"id\":\"03e52a24-bf13-420e-83b1-d22a4cf1a9fb\",\"userId\":\"91c650ee-a9db-4107-b12e-8074584590b1\",\"containerId\":\"39608396-63b9-424e-b1ec-9c9b722a8f6e\",\"title\":\"New Order Booked\",\"body\":\"Order TCH-1234 has been booked by Expert for a total of PKR 275,000.\",\"type\":\"order_booked\",\"isRead\":false,\"createdAt\":\"2026-06-08T17:52:08.837Z\"},{\"id\":\"e69329a1-dc17-4171-9697-5c55926036d0\",\"userId\":\"91c650ee-a9db-4107-b12e-8074584590b1\",\"containerId\":\"39608396-63b9-424e-b1ec-9c9b722a8f6e\",\"title\":\"New Order Booked\",\"body\":\"Order ORD-011193 has been booked by Expert for a total of PKR 285,000.\",\"type\":\"order_booked\",\"isRead\":false,\"createdAt\":\"2026-06-08T17:50:11.645Z\"},{\"id\":\"fb2df5c1-5447-4f83-8a47-73899c0b280e\",\"userId\":\"91c650ee-a9db-4107-b12e-8074584590b1\",\"containerId\":\"39608396-63b9-424e-b1ec-9c9b722a8f6e\",\"title\":\"New Order Booked\",\"body\":\"Order ORD-944252 has been booked by Expert for a total of PKR 0.\",\"type\":\"order_booked\",\"isRead\":false,\"createdAt\":\"2026-06-08T17:49:04.875Z\"},{\"id\":\"2f8b8851-b5d7-4fc3-ac47-186b99047970\",\"userId\":\"91c650ee-a9db-4107-b12e-8074584590b1\",\"containerId\":\"39608396-63b9-424e-b1ec-9c9b722a8f6e\",\"title\":\"New Order Booked\",\"body\":\"Order TCH-1001 has been booked by Fahad Suleman for a total of PKR 215,000.\",\"type\":\"order_booked\",\"isRead\":false,\"createdAt\":\"2026-06-06T18:01:22.137Z\"},{\"id\":\"16bcdc50-fd0e-4638-84fc-6db12288da08\",\"userId\":\"91c650ee-a9db-4107-b12e-8074584590b1\",\"containerId\":\"39608396-63b9-424e-b1ec-9c9b722a8f6e\",\"title\":\"New Order Booked\",\"body\":\"Order TCH-10001 has been booked by Fahad Suleman for a total of PKR 35,000.\",\"type\":\"order_booked\",\"isRead\":false,\"createdAt\":\"2026-06-06T18:00:25.285Z\"},{\"id\":\"2ab20785-aac6-47be-8a04-e4b0de2189fd\",\"userId\":\"91c650ee-a9db-4107-b12e-8074584590b1\",\"containerId\":\"39608396-63b9-424e-b1ec-9c9b722a8f6e\",\"title\":\"New Order Booked\",\"body\":\"Order TCH-9988 has been booked by Fahad Suleman for a total of PKR 225,000.\",\"type\":\"order_booked\",\"isRead\":false,\"createdAt\":\"2026-06-06T17:59:49.507Z\"},{\"id\":\"b7b9e484-c951-41c1-b1d9-ad94e6963563\",\"userId\":\"91c650ee-a9db-4107-b12e-8074584590b1\",\"containerId\":\"39608396-63b9-424e-b1ec-9c9b722a8f6e\",\"title\":\"New Order Booked\",\"body\":\"Order TCH-10001 has been booked by Fahad Suleman for a total of PKR 35,000.\",\"type\":\"order_booked\",\"isRead\":false,\"createdAt\":\"2026-06-06T17:59:49.332Z\"},{\"id\":\"18d5279d-fc62-4bac-b35d-b31bdaa695c7\",\"userId\":\"91c650ee-a9db-4107-b12e-8074584590b1\",\"containerId\":\"39608396-63b9-424e-b1ec-9c9b722a8f6e\",\"title\":\"New Order Booked\",\"body\":\"Order TCH-1001 has been booked by Fahad Suleman for a total of PKR 215,000.\",\"type\":\"order_booked\",\"isRead\":false,\"createdAt\":\"2026-06-06T17:58:44.972Z\"},{\"id\":\"f535a3f3-536a-40b0-ab7c-113e5c4c196d\",\"userId\":\"91c650ee-a9db-4107-b12e-8074584590b1\",\"containerId\":\"39608396-63b9-424e-b1ec-9c9b722a8f6e\",\"title\":\"New Order Booked\",\"body\":\"Order TCH-10001 has been booked by Fahad Suleman for a total of PKR 35,000.\",\"type\":\"order_booked\",\"isRead\":false,\"createdAt\":\"2026-06-06T17:58:19.269Z\"},{\"id\":\"36ab6098-e1eb-4d7d-99b9-d4a12296942e\",\"userId\":\"91c650ee-a9db-4107-b12e-8074584590b1\",\"containerId\":\"39608396-63b9-424e-b1ec-9c9b722a8f6e\",\"title\":\"New Order Booked\",\"body\":\"Order TCH-1001 has been booked by Fahad Suleman for a total of PKR 215,000.\",\"type\":\"order_booked\",\"isRead\":false,\"createdAt\":\"2026-06-06T17:57:51.863Z\"},{\"id\":\"c4873cc8-4316-4a3f-8024-e2560ba49a46\",\"userId\":\"91c650ee-a9db-4107-b12e-8074584590b1\",\"containerId\":\"39608396-63b9-424e-b1ec-9c9b722a8f6e\",\"title\":\"New Order Booked\",\"body\":\"Order ORD-274528 has been booked by Faتima for a total of PKR 0.\",\"type\":\"order_booked\",\"isRead\":false,\"createdAt\":\"2026-06-06T16:11:14.953Z\"},{\"id\":\"6b058969-636e-4deb-92c1-eac229a8a8ab\",\"userId\":\"91c650ee-a9db-4107-b12e-8074584590b1\",\"containerId\":\"39608396-63b9-424e-b1ec-9c9b722a8f6e\",\"title\":\"New Order Booked\",\"body\":\"Order ORD-253478 has been booked by Faتima for a total of PKR 0.\",\"type\":\"order_booked\",\"isRead\":false,\"createdAt\":\"2026-06-06T16:10:53.899Z\"},{\"id\":\"cdc0d907-e3f8-4d2d-a929-3c2bbc280d23\",\"userId\":\"91c650ee-a9db-4107-b12e-8074584590b1\",\"containerId\":\"39608396-63b9-424e-b1ec-9c9b722a8f6e\",\"title\":\"New Order Booked\",\"body\":\"Order ORD-235833 has been booked by Faتima for a total of PKR 0.\",\"type\":\"order_booked\",\"isRead\":false,\"createdAt\":\"2026-06-06T16:10:36.235Z\"},{\"id\":\"6dad7ea7-29d5-4d6d-b428-93c4e39622af\",\"userId\":\"91c650ee-a9db-4107-b12e-8074584590b1\",\"containerId\":\"39608396-63b9-424e-b1ec-9c9b722a8f6e\",\"title\":\"New Order Booked\",\"body\":\"Order ORD-199781 has been booked by Faتima for a total of PKR 0.\",\"type\":\"order_booked\",\"isRead\":false,\"createdAt\":\"2026-06-06T16:10:00.213Z\"},{\"id\":\"c0f88c8e-b467-4906-a83b-242ac3d65a8a\",\"userId\":\"91c650ee-a9db-4107-b12e-8074584590b1\",\"containerId\":\"39608396-63b9-424e-b1ec-9c9b722a8f6e\",\"title\":\"New Order Booked\",\"body\":\"Order TCH-9988 has been booked by Faris Rizvi for a total of PKR 90,000.\",\"type\":\"order_booked\",\"isRead\":false,\"createdAt\":\"2026-06-06T16:07:41.592Z\"},{\"id\":\"5ce0824b-a386-4f41-87fb-411b222a1d08\",\"userId\":\"91c650ee-a9db-4107-b12e-8074584590b1\",\"containerId\":\"39608396-63b9-424e-b1ec-9c9b722a8f6e\",\"title\":\"New Order Booked\",\"body\":\"Order TCH-9988 has been booked by Faris Rizvi for a total of PKR 225,000.\",\"type\":\"order_booked\",\"isRead\":false,\"createdAt\":\"2026-06-06T16:07:21.282Z\"},{\"id\":\"d672aa54-8bae-46cc-bb1d-530f6c505670\",\"userId\":\"91c650ee-a9db-4107-b12e-8074584590b1\",\"containerId\":\"39608396-63b9-424e-b1ec-9c9b722a8f6e\",\"title\":\"New Order Booked\",\"body\":\"Order ORD-024687 has been booked by Faris Rizvi for a total of PKR 75,000.\",\"type\":\"order_booked\",\"isRead\":false,\"createdAt\":\"2026-06-06T16:07:05.272Z\"},{\"id\":\"6174e473-44b4-4df2-9b1f-ebf330c18fe0\",\"userId\":\"91c650ee-a9db-4107-b12e-8074584590b1\",\"containerId\":\"39608396-63b9-424e-b1ec-9c9b722a8f6e\",\"title\":\"New Order Booked\",\"body\":\"Order ORD-993129 has been booked by Faris Rizvi for a total of PKR 0.\",\"type\":\"order_booked\",\"isRead\":false,\"createdAt\":\"2026-06-06T16:06:33.545Z\"},{\"id\":\"bea5c8b0-090d-4567-bf02-4ff618d01c18\",\"userId\":\"91c650ee-a9db-4107-b12e-8074584590b1\",\"containerId\":\"39608396-63b9-424e-b1ec-9c9b722a8f6e\",\"title\":\"New Order Booked\",\"body\":\"Order TCG-1234 has been booked by Local Tester for a total of PKR 75,000.\",\"type\":\"order_booked\",\"isRead\":false,\"createdAt\":\"2026-06-06T16:05:26.630Z\"},{\"id\":\"af7a901d-604b-4814-a6d1-d8a9ba663b86\",\"userId\":\"91c650ee-a9db-4107-b12e-8074584590b1\",\"containerId\":\"39608396-63b9-424e-b1ec-9c9b722a8f6e\",\"title\":\"New Order Booked\",\"body\":\"Order ORD-907494 has been booked by Local Tester for a total of PKR 75,000.\",\"type\":\"order_booked\",\"isRead\":false,\"createdAt\":\"2026-06-06T16:05:07.897Z\"},{\"id\":\"0019e45a-73c4-40d3-8d42-3735bb610355\",\"userId\":\"91c650ee-a9db-4107-b12e-8074584590b1\",\"containerId\":\"39608396-63b9-424e-b1ec-9c9b722a8f6e\",\"title\":\"New Order Booked\",\"body\":\"Order ORD-893914 has been booked by Local Tester for a total of PKR 0.\",\"type\":\"order_booked\",\"isRead\":false,\"createdAt\":\"2026-06-06T16:04:54.328Z\"}]"}
{"timestamp":"2026-07-03T18:25:05.977Z","level":"LOG","message":"6:25:05 PM [express] GET /api/containers/39608396-63b9-424e-b1ec-9c9b722a8f6e/orders 200 in 1760ms :: [{\"id\":\"68a350ac-a57d-4ec0-9ed5-efee3ff13d7e\",\"containerId\":\"39608396-63b9-424e-b1ec-9c9b722a8f6e\",\"contactId\":\"2ae5d34f-e392-4e11-b118-ca75bf7b69e0\",\"orderNumber\":\"TCH-9988\",\"items\":[{\"name\":\"Craft House Lemonade\",\"quantity\":1},{\"name\":\"Garlic Parmesan Wings\",\"quantity\":1},{\"name\":\"Margherita Pizza\",\"quantity\":1}],\"totalAmount\":290000,\"status\":\"pending\",\"shippingAddress\":null,\"metadata\":{},\"createdAt\":\"2026-06-10T14:35:21.952Z\"},{\"id\":\"562065d4-9ea5-4666-80e3-702e2ffd6d2d\",\"containerId\":\"39608396-63b9-424e-b1ec-9c9b722a8f6e\",\"contactId\":\"2ae5d34f-e392-4e11-b118-ca75bf7b69e0\",\"orderNumber\":\"ORD-824163\",\"items\":[{\"name\":\"Craft House Lemonade\",\"quantity\":1},{\"name\":\"Garlic Parmesan Wings\",\"quantity\":1},{\"name\":\"Margherita Pizza\",\"quantity\":1}],\"totalAmount\":290000,\"status\":\"shipped\",\"shippingAddress\":null,\"metadata\":{},\"createdAt\":\"2026-06-10T14:13:44.482Z\"},{\"id\":\"46fa7320-fea8-45f0-832c-7a01e20cfbee\",\"containerId\":\"39608396-63b9-424e-b1ec-9c9b722a8f6e\",\"contactId\":\"2ae5d34f-e392-4e11-b118-ca75bf7b69e0\",\"orderNumber\":\"ORD-824165\",\"items\":[],\"totalAmount\":0,\"status\":\"pending\",\"shippingAddress\":null,\"metadata\":{},\"createdAt\":\"2026-06-10T14:13:44.402Z\"},{\"id\":\"dab36cac-7074-4b93-aa79-a17fa23c4ec6\",\"containerId\":\"39608396-63b9-424e-b1ec-9c9b722a8f6e\",\"contactId\":\"76461a69-6798-4788-9212-3c17468f7a1d\",\"orderNumber\":\"TCH-9988\",\"items\":[{\"name\":\"Spicy Bacon Burger\",\"quantity\":1},{\"name\":\"Truffle Fries\",\"quantity\":1},{\"name\":\"Chocolate Lava Cake\",\"quantity\":1}],\"totalAmount\":285000,\"status\":\"pending\",\"shippingAddress\":null,\"metadata\":{},\"createdAt\":\"2026-06-08T17:57:42.117Z\"},{\"id\":\"d03759f5-7058-48b6-8b3e-79a98bf683e1\",\"containerId\":\"39608396-63b9-424e-b1ec-9c9b722a8f6e\",\"contactId\":\"76461a69-6798-4788-9212-3c17468f7a1d\",\"orderNumber\":\"ORD-446059\",\"items\":[{\"name\":\"Spicy Bacon Burger\",\"quantity\":1},{\"name\":\"Truffle Fries\",\"quantity\":2},{\"name\":\"Chocolate Lava Cake\",\"quantity\":1}],\"totalAmount\":415000,\"status\":\"pending\",\"shippingAddress\":null,\"metadata\":{},\"createdAt\":\"2026-06-08T17:57:26.187Z\"},{\"id\":\"4897716d-98c2-4ef3-8211-62efaa5cfcff\",\"containerId\":\"39608396-63b9-424e-b1ec-9c9b722a8f6e\",\"contactId\":\"76461a69-6798-4788-9212-3c17468f7a1d\",\"orderNumber\":\"ORD-414819\",\"items\":[{\"name\":\"Spicy Bacon Burger\",\"quantity\":1},{\"name\":\"Truffle Fries\",\"quantity\":1},{\"name\":\"Chocolate Lava Cake\",\"quantity\":1}],\"totalAmount\":285000,\"status\":\"pending\",\"shippingAddress\":null,\"metadata\":{},\"createdAt\":\"2026-06-08T17:56:54.943Z\"},{\"id\":\"8e1066e6-db05-421e-9c8d-439970970f75\",\"containerId\":\"39608396-63b9-424e-b1ec-9c9b722a8f6e\",\"contactId\":\"76461a69-6798-4788-9212-3c17468f7a1d\",\"orderNumber\":\"ORD-400794\",\"items\":[],\"totalAmount\":0,\"status\":\"pending\",\"shippingAddress\":null,\"metadata\":{},\"createdAt\":\"2026-06-08T17:56:40.924Z\"},{\"id\":\"5f3b2a21-aef6-4008-a2b9-8116e839b87c\",\"containerId\":\"39608396-63b9-424e-b1ec-9c9b722a8f6e\",\"contactId\":\"76461a69-6798-4788-9212-3c17468f7a1d\",\"orderNumber\":\"ORD-371011\",\"items\":[{\"name\":\"Spicy Bacon Burger\",\"quantity\":1},{\"name\":\"Truffle Fries\",\"quantity\":1},{\"name\":\"Chocolate Lava Cake\",\"quantity\":1}],\"totalAmount\":285000,\"status\":\"pending\",\"shippingAddress\":null,\"metadata\":{},\"createdAt\":\"2026-06-08T17:56:11.136Z\"},{\"id\":\"a8ec8c28-3061-4d02-867a-ca443c44e3d7\",\"containerId\":\"39608396-63b9-424e-b1ec-9c9b722a8f6e\",\"contactId\":\"76461a69-6798-4788-9212-3c17468f7a1d\",\"orderNumber\":\"TCH-9988\",\"items\":[{\"name\":\"Spicy Bacon Burger\",\"quantity\":1},{\"name\":\"Truffle Fries\",\"quantity\":2},{\"name\":\"Chocolate Lava Cake\",\"quantity\":1}],\"totalAmount\":350000,\"status\":\"pending\",\"shippingAddress\":null,\"metadata\":{},\"createdAt\":\"2026-06-08T17:55:51.596Z\"},{\"id\":\"35da73f7-0c1c-4c87-8463-7a1e4846e5a3\",\"containerId\":\"39608396-63b9-424e-b1ec-9c9b722a8f6e\",\"contactId\":\"76461a69-6798-4788-9212-3c17468f7a1d\",\"orderNumber\":\"ORD-294136\",\"items\":[{\"name\":\"Spicy Bacon Burger\",\"quantity\":1},{\"name\":\"Truffle Fries\",\"quantity\":1},{\"name\":\"Chocolate Lava Cake\",\"quantity\":1}],\"totalAmount\":285000,\"status\":\"pending\",\"shippingAddress\":null,\"metadata\":{},\"createdAt\":\"2026-06-08T17:54:54.261Z\"},{\"id\":\"92eab190-bd96-489f-8669-2e8e7d98b91c\",\"containerId\":\"39608396-63b9-424e-b1ec-9c9b722a8f6e\",\"contactId\":\"76461a69-6798-4788-9212-3c17468f7a1d\",\"orderNumber\":\"TCH-9989\",\"items\":[{\"name\":\"Spicy Bacon Burger\",\"quantity\":1},{\"name\":\"Truffle Fries\",\"quantity\":1},{\"name\":\"Chocolate Lava Cake\",\"quantity\":1}],\"totalAmount\":285000,\"status\":\"pending\",\"shippingAddress\":null,\"metadata\":{},\"createdAt\":\"2026-06-08T17:54:47.120Z\"},{\"id\":\"0b3ca31b-e469-481a-a90d-f8f516b4b604\",\"containerId\":\"39608396-63b9-424e-b1ec-9c9b722a8f6e\",\"contactId\":\"76461a69-6798-4788-9212-3c17468f7a1d\",\"orderNumber\":\"ORD-270484\",\"items\":[],\"totalAmount\":0,\"status\":\"pending\",\"shippingAddress\":null,\"metadata\":{},\"createdAt\":\"2026-06-08T17:54:30.608Z\"},{\"id\":\"63afd513-ed08-41fa-8d21-f3b34c967129\",\"containerId\":\"39608396-63b9-424e-b1ec-9c9b722a8f6e\",\"contactId\":\"76461a69-6798-4788-9212-3c17468f7a1d\",\"orderNumber\":\"TCH-9988\",\"items\":[{\"name\":\"Spicy Bacon Burger\",\"quantity\":1},{\"name\":\"Truffle Fries\",\"quantity\":1},{\"name\":\"Chocolate Lava Cake\",\"quantity\":1}],\"totalAmount\":285000,\"status\":\"pending\",\"shippingAddress\":null,\"metadata\":{},\"createdAt\":\"2026-06-08T17:53:24.808Z\"},{\"id\":\"91374753-6ea0-496f-9090-7e28bb845e83\",\"containerId\":\"39608396-63b9-424e-b1ec-9c9b722a8f6e\",\"contactId\":\"76461a69-6798-4788-9212-3c17468f7a1d\",\"orderNumber\":\"ORD-203432\",\"items\":[{\"name\":\"Spicy Bacon Burger\",\"quantity\":1},{\"name\":\"Truffle Fries\",\"quantity\":1},{\"name\":\"Chocolate Lava Cake\",\"quantity\":1}],\"totalAmount\":285000,\"status\":\"pending\",\"shippingAddress\":null,\"metadata\":{},\"createdAt\":\"2026-06-08T17:53:23.555Z\"},{\"id\":\"a5cd5699-60e0-465f-95e8-c733cd4d4ba4\",\"containerId\":\"39608396-63b9-424e-b1ec-9c9b722a8f6e\",\"contactId\":\"76461a69-6798-4788-9212-3c17468f7a1d\",\"orderNumber\":\"ORD-172415\",\"items\":[{\"name\":\"Spicy Bacon Burger\",\"quantity\":1},{\"name\":\"Garlic Parmesan Wings\",\"quantity\":1},{\"name\":\"Craft House Lemonade\",\"quantity\":1}],\"totalAmount\":275000,\"status\":\"pending\",\"shippingAddress\":null,\"metadata\":{},\"createdAt\":\"2026-06-08T17:52:52.532Z\"},{\"id\":\"74a3a1e1-aa24-46c0-be74-bed611dd1763\",\"containerId\":\"39608396-63b9-424e-b1ec-9c9b722a8f6e\",\"contactId\":\"76461a69-6798-4788-9212-3c17468f7a1d\",\"orderNumber\":\"TCH-9989\",\"items\":[{\"name\":\"Spicy Bacon Burger\",\"quantity\":1},{\"name\":\"Truffle Fries\",\"quantity\":1},{\"name\":\"Chocolate Lava Cake\",\"quantity\":1}],\"totalAmount\":285000,\"status\":\"pending\",\"shippingAddress\":null,\"metadata\":{},\"createdAt\":\"2026-06-08T17:52:28.764Z\"},{\"id\":\"c0e09d14-a309-44a2-8394-09651a36c67e\",\"containerId\":\"39608396-63b9-424e-b1ec-9c9b722a8f6e\",\"contactId\":\"76461a69-6798-4788-9212-3c17468f7a1d\",\"orderNumber\":\"TCH-1234\",\"items\":[{\"name\":\"Spicy Bacon Burger\",\"quantity\":1},{\"name\":\"Garlic Parmesan Wings\",\"quantity\":1},{\"name\":\"Craft House Lemonade\",\"quantity\":1}],\"totalAmount\":275000,\"status\":\"pending\",\"shippingAddress\":null,\"metadata\":{},\"createdAt\":\"2026-06-08T17:52:08.490Z\"},{\"id\":\"25d571f6-cbd9-4773-a745-5eaa8d744ef1\",\"containerId\":\"39608396-63b9-424e-b1ec-9c9b722a8f6e\",\"contactId\":\"76461a69-6798-4788-9212-3c17468f7a1d\",\"orderNumber\":\"ORD-011193\",\"items\":[{\"name\":\"Spicy Bacon Burger\",\"quantity\":1},{\"name\":\"Truffle Fries\",\"quantity\":1},{\"name\":\"Chocolate Lava Cake\",\"quantity\":1}],\"totalAmount\":285000,\"status\":\"pending\",\"shippingAddress\":null,\"metadata\":{},\"createdAt\":\"2026-06-08T17:50:11.304Z\"},{\"id\":\"6b22b47d-23a2-4333-a795-db1e561c8df0\",\"containerId\":\"39608396-63b9-424e-b1ec-9c9b722a8f6e\",\"contactId\":\"76461a69-6798-4788-9212-3c17468f7a1d\",\"orderNumber\":\"ORD-944252\",\"items\":[],\"totalAmount\":0,\"status\":\"pending\",\"shippingAddress\":null,\"metadata\":{},\"createdAt\":\"2026-06-08T17:49:04.361Z\"},{\"id\":\"960639bc-17b3-417f-bb2b-e3d191bdbf23\",\"containerId\":\"39608396-63b9-424e-b1ec-9c9b722a8f6e\",\"contactId\":\"0c98ddce-4ebd-452e-9334-9ba9e5404949\",\"orderNumber\":\"TCH-1001\",\"items\":[{\"name\":\"Classic Cheeseburger\",\"quantity\":1},{\"name\":\"Garlic Parmesan Wings\",\"quantity\":1}],\"totalAmount\":215000,\"status\":\"pending\",\"shippingAddress\":null,\"metadata\":{},\"createdAt\":\"2026-06-06T18:01:21.637Z\"},{\"id\":\"2d6290c7-4d25-4744-b822-ad3acfc324f0\",\"containerId\":\"39608396-63b9-424e-b1ec-9c9b722a8f6e\",\"contactId\":\"0c98ddce-4ebd-452e-9334-9ba9e5404949\",\"orderNumber\":\"TCH-10001\",\"items\":[{\"name\":\"Craft House Lemonade\",\"quantity\":1}],\"totalAmount\":35000,\"status\":\"pending\",\"shippingAddress\":null,\"metadata\":{},\"createdAt\":\"2026-06-06T18:00:24.962Z\"},{\"id\":\"8e096740-0ba2-431b-a1a9-3f4adb134e6e\",\"containerId\":\"39608396-63b9-424e-b1ec-9c9b722a8f6e\",\"contactId\":\"0c98ddce-4ebd-452e-9334-9ba9e5404949\",\"orderNumber\":\"TCH-9988\",\"items\":[{\"name\":\"Margherita Pizza\",\"quantity\":1},{\"name\":\"Truffle Fries\",\"quantity\":1}],\"totalAmount\":225000,\"status\":\"pending\",\"shippingAddress\":null,\"metadata\":{},\"createdAt\":\"2026-06-06T17:59:49.177Z\"},{\"id\":\"4f32c570-dbfc-4121-8d5a-190870cd78eb\",\"containerId\":\"39608396-63b9-424e-b1ec-9c9b722a8f6e\",\"contactId\":\"0c98ddce-4ebd-452e-9334-9ba9e5404949\",\"orderNumber\":\"TCH-10001\",\"items\":[{\"name\":\"Craft House Lemonade\",\"quantity\":1}],\"totalAmount\":35000,\"status\":\"pending\",\"shippingAddress\":null,\"metadata\":{},\"createdAt\":\"2026-06-06T17:59:49.012Z\"},{\"id\":\"83f00176-b910-423e-84b1-6a50284dcabd\",\"containerId\":\"39608396-63b9-424e-b1ec-9c9b722a8f6e\",\"contactId\":\"0c98ddce-4ebd-452e-9334-9ba9e5404949\",\"orderNumber\":\"TCH-1001\",\"items\":[{\"name\":\"Classic Cheeseburger\",\"quantity\":1},{\"name\":\"Garlic Parmesan Wings\",\"quantity\":1}],\"totalAmount\":215000,\"status\":\"pending\",\"shippingAddress\":null,\"metadata\":{},\"createdAt\":\"2026-06-06T17:58:44.644Z\"},{\"id\":\"b52b38c5-c34a-4273-a302-b309b62d9c41\",\"containerId\":\"39608396-63b9-424e-b1ec-9c9b722a8f6e\",\"contactId\":\"0c98ddce-4ebd-452e-9334-9ba9e5404949\",\"orderNumber\":\"TCH-10001\",\"items\":[{\"name\":\"Craft House Lemonade\",\"quantity\":1}],\"totalAmount\":35000,\"status\":\"pending\",\"shippingAddress\":null,\"metadata\":{},\"createdAt\":\"2026-06-06T17:58:18.946Z\"},{\"id\":\"9b7672c0-7786-47b7-93ad-81641e29c3f0\",\"containerId\":\"39608396-63b9-424e-b1ec-9c9b722a8f6e\",\"contactId\":\"0c98ddce-4ebd-452e-9334-9ba9e5404949\",\"orderNumber\":\"TCH-1001\",\"items\":[{\"name\":\"Classic Cheeseburger\",\"quantity\":1},{\"name\":\"Garlic Parmesan Wings\",\"quantity\":1}],\"totalAmount\":215000,\"status\":\"pending\",\"shippingAddress\":null,\"metadata\":{},\"createdAt\":\"2026-06-06T17:57:51.529Z\"},{\"id\":\"a4243b3a-3f09-427f-a92c-b146d7bc36cf\",\"containerId\":\"39608396-63b9-424e-b1ec-9c9b722a8f6e\",\"contactId\":\"264f6aab-8db5-4114-adc1-4210a5a1d556\",\"orderNumber\":\"ORD-274528\",\"items\":[],\"totalAmount\":0,\"status\":\"pending\",\"shippingAddress\":null,\"metadata\":{},\"createdAt\":\"2026-06-06T16:11:14.610Z\"},{\"id\":\"f1627652-0389-4148-84ef-a72b13549afd\",\"containerId\":\"39608396-63b9-424e-b1ec-9c9b722a8f6e\",\"contactId\":\"264f6aab-8db5-4114-adc1-4210a5a1d556\",\"orderNumber\":\"ORD-253478\",\"items\":[],\"totalAmount\":0,\"status\":\"pending\",\"shippingAddress\":null,\"metadata\":{},\"createdAt\":\"2026-06-06T16:10:53.561Z\"},{\"id\":\"01abe019-0a46-4eed-af99-d84d2e1c30f4\",\"containerId\":\"39608396-63b9-424e-b1ec-9c9b722a8f6e\",\"contactId\":\"264f6aab-8db5-4114-adc1-4210a5a1d556\",\"orderNumber\":\"ORD-235833\",\"items\":[],\"totalAmount\":0,\"status\":\"pending\",\"shippingAddress\":null,\"metadata\":{},\"createdAt\":\"2026-06-06T16:10:35.914Z\"},{\"id\":\"082cfd7e-aa58-42e3-96bf-e49c52aacdc3\",\"containerId\":\"39608396-63b9-424e-b1ec-9c9b722a8f6e\",\"contactId\":\"264f6aab-8db5-4114-adc1-4210a5a1d556\",\"orderNumber\":\"ORD-199781\",\"items\":[],\"totalAmount\":0,\"status\":\"pending\",\"shippingAddress\":null,\"metadata\":{},\"createdAt\":\"2026-06-06T16:09:59.865Z\"},{\"id\":\"0b7bd29e-cdeb-403a-a6bf-873e3afc67ed\",\"containerId\":\"39608396-63b9-424e-b1ec-9c9b722a8f6e\",\"contactId\":\"2ae5d34f-e392-4e11-b118-ca75bf7b69e0\",\"orderNumber\":\"TCH-9988\",\"items\":[{\"name\":\"Chocolate Lava Cake\",\"quantity\":1}],\"totalAmount\":90000,\"status\":\"pending\",\"shippingAddress\":null,\"metadata\":{},\"createdAt\":\"2026-06-06T16:07:41.249Z\"},{\"id\":\"9bc9dbd6-a960-4b1f-b3ac-e2693b228252\",\"containerId\":\"39608396-63b9-424e-b1ec-9c9b722a8f6e\",\"contactId\":\"2ae5d34f-e392-4e11-b118-ca75bf7b69e0\",\"orderNumber\":\"TCH-9988\",\"items\":[{\"name\":\"Margherita Pizza\",\"quantity\":1},{\"name\":\"Truffle Fries\",\"quantity\":1}],\"totalAmount\":225000,\"status\":\"pending\",\"shippingAddress\":null,\"metadata\":{},\"createdAt\":\"2026-06-06T16:07:20.778Z\"},{\"id\":\"2fc2e27a-755d-4d1f-a390-bb28864703bb\",\"containerId\":\"39608396-63b9-424e-b1ec-9c9b722a8f6e\",\"contactId\":\"2ae5d34f-e392-4e11-b118-ca75bf7b69e0\",\"orderNumber\":\"ORD-024687\",\"items\":[{\"name\":\"Chocolate Lava Cake\",\"quantity\":1}],\"totalAmount\":75000,\"status\":\"pending\",\"shippingAddress\":null,\"metadata\":{},\"createdAt\":\"2026-06-06T16:07:04.772Z\"},{\"id\":\"90294032-12f4-4ee7-baac-f172616379a7\",\"containerId\":\"39608396-63b9-424e-b1ec-9c9b722a8f6e\",\"contactId\":\"2ae5d34f-e392-4e11-b118-ca75bf7b69e0\",\"orderNumber\":\"ORD-993129\",\"items\":[],\"totalAmount\":0,\"status\":\"pending\",\"shippingAddress\":null,\"metadata\":{},\"createdAt\":\"2026-06-06T16:06:33.210Z\"},{\"id\":\"db5ac9b4-a71e-406f-91de-43d614aa8073\",\"containerId\":\"39608396-63b9-424e-b1ec-9c9b722a8f6e\",\"contactId\":\"1beb9de2-8a1d-4017-b6c0-2d5ef5e43b42\",\"orderNumber\":\"TCG-1234\",\"items\":[{\"name\":\"Chocolate Lava Cake\",\"quantity\":1}],\"totalAmount\":75000,\"status\":\"pending\",\"shippingAddress\":null,\"metadata\":{},\"createdAt\":\"2026-06-06T16:05:26.146Z\"},{\"id\":\"e2d7f049-4c52-4f7a-9c3f-07b0ea7e20ea\",\"containerId\":\"39608396-63b9-424e-b1ec-9c9b722a8f6e\",\"contactId\":\"1beb9de2-8a1d-4017-b6c0-2d5ef5e43b42\",\"orderNumber\":\"ORD-907494\",\"items\":[{\"name\":\"Chocolate Lava Cake\",\"quantity\":1}],\"totalAmount\":75000,\"status\":\"pending\",\"shippingAddress\":null,\"metadata\":{},\"createdAt\":\"2026-06-06T16:05:07.576Z\"},{\"id\":\"80b4d374-59ca-4da0-a93e-85e8b0bcc395\",\"containerId\":\"39608396-63b9-424e-b1ec-9c9b722a8f6e\",\"contactId\":\"1beb9de2-8a1d-4017-b6c0-2d5ef5e43b42\",\"orderNumber\":\"ORD-893914\",\"items\":[],\"totalAmount\":0,\"status\":\"pending\",\"shippingAddress\":null,\"metadata\":{},\"createdAt\":\"2026-06-06T16:04:53.996Z\"},{\"id\":\"abb1c2d7-d2da-425a-b454-94a9dc350735\",\"containerId\":\"39608396-63b9-424e-b1ec-9c9b722a8f6e\",\"contactId\":\"1beb9de2-8a1d-4017-b6c0-2d5ef5e43b42\",\"orderNumber\":\"TCH-9989\",\"items\":[\"Classic Cheeseburger\",\"Truffle Fries\"],\"totalAmount\":1850,\"status\":\"pending\",\"shippingAddress\":null,\"metadata\":{},\"createdAt\":\"2026-06-06T14:57:06.323Z\"},{\"id\":\"c07b1159-57b1-4a3c-acf2-ab3b2b0f1283\",\"containerId\":\"39608396-63b9-424e-b1ec-9c9b722a8f6e\",\"contactId\":\"1beb9de2-8a1d-4017-b6c0-2d5ef5e43b42\",\"orderNumber\":\"TCH-9989\",\"items\":[\"Classic Cheeseburger\",\"Truffle Fries\"],\"totalAmount\":2000,\"status\":\"pending\",\"shippingAddress\":null,\"metadata\":{},\"createdAt\":\"2026-06-06T14:36:47.063Z\"},{\"id\":\"3796402b-ef4e-4247-9471-08c358f4a350\",\"containerId\":\"39608396-63b9-424e-b1ec-9c9b722a8f6e\",\"contactId\":\"1beb9de2-8a1d-4017-b6c0-2d5ef5e43b42\",\"orderNumber\":\"TCH-9988\",\"items\":[\"Classic Cheeseburger\",\"Truffle Fries\"],\"totalAmount\":1850,\"status\":\"pending\",\"shippingAddress\":null,\"metadata\":{},\"createdAt\":\"2026-06-06T14:36:25.171Z\"},{\"id\":\"6242852a-701f-491a-916d-8087c232c5d4\",\"containerId\":\"39608396-63b9-424e-b1ec-9c9b722a8f6e\",\"contactId\":\"1beb9de2-8a1d-4017-b6c0-2d5ef5e43b42\",\"orderNumber\":\"CHG-12345\",\"items\":[\"Classic Cheeseburger\",\"Truffle Fries\"],\"totalAmount\":1850,\"status\":\"pending\",\"shippingAddress\":null,\"metadata\":{},\"createdAt\":\"2026-06-06T14:35:34.848Z\"},{\"id\":\"5fcd7c75-8fc2-4308-a9e7-d24cea77cbe2\",\"containerId\":\"39608396-63b9-424e-b1ec-9c9b722a8f6e\",\"contactId\":\"1beb9de2-8a1d-4017-b6c0-2d5ef5e43b42\",\"orderNumber\":\"ORD-518087\",\"items\":[\"Classic Cheeseburger\"],\"totalAmount\":0,\"status\":\"pending\",\"shippingAddress\":null,\"metadata\":{},\"createdAt\":\"2026-06-06T14:35:18.328Z\"}]"}
{"timestamp":"2026-07-03T18:25:06.270Z","level":"LOG","message":"6:25:06 PM [express] GET /api/containers/39608396-63b9-424e-b1ec-9c9b722a8f6e/contacts 200 in 757ms :: [{\"id\":\"76461a69-6798-4788-9212-3c17468f7a1d\",\"containerId\":\"39608396-63b9-424e-b1ec-9c9b722a8f6e\",\"name\":\"Expert\",\"phone\":\"923132849200\",\"email\":null,\"avatarUrl\":null,\"tags\":[],\"customFields\":{\"address\":\"Karachi\"},\"createdAt\":\"2026-06-08T17:47:32.165Z\"},{\"id\":\"0c98ddce-4ebd-452e-9334-9ba9e5404949\",\"containerId\":\"39608396-63b9-424e-b1ec-9c9b722a8f6e\",\"name\":\"Fahad Suleman\",\"phone\":\"923333480179\",\"email\":null,\"avatarUrl\":null,\"tags\":[],\"customFields\":{\"address\":\"House number 38, G-13/1\"},\"createdAt\":\"2026-06-06T17:52:28.749Z\"},{\"id\":\"264f6aab-8db5-4114-adc1-4210a5a1d556\",\"containerId\":\"39608396-63b9-424e-b1ec-9c9b722a8f6e\",\"name\":\"Faتima\",\"phone\":\"923241929808\",\"email\":null,\"avatarUrl\":null,\"tags\":[],\"customFields\":{},\"createdAt\":\"2026-06-06T16:09:53.805Z\"},{\"id\":\"2ae5d34f-e392-4e11-b118-ca75bf7b69e0\",\"containerId\":\"39608396-63b9-424e-b1ec-9c9b722a8f6e\",\"name\":\"Faris Rizvi\",\"phone\":\"923161589950\",\"email\":null,\"avatarUrl\":null,\"tags\":[],\"customFields\":{\"address\":\"F11, Islamabad\"},\"createdAt\":\"2026-06-06T16:06:16.979Z\"},{\"id\":\"1beb9de2-8a1d-4017-b6c0-2d5ef5e43b42\",\"containerId\":\"39608396-63b9-424e-b1ec-9c9b722a8f6e\",\"name\":\"Sandbox Customer\",\"phone\":\"sandbox_test_phone\",\"email\":null,\"avatarUrl\":null,\"tags\":[],\"customFields\":{},\"createdAt\":\"2026-06-06T14:20:19.735Z\"},{\"id\":\"ccc6e8b0-d886-4fa3-9308-a4b3a1952446\",\"containerId\":\"39608396-63b9-424e-b1ec-9c9b722a8f6e\",\"name\":\"Faris Rizvi\",\"phone\":\"+923161589950\",\"email\":null,\"avatarUrl\":null,\"tags\":[],\"customFields\":{},\"createdAt\":\"2026-06-03T10:04:59.785Z\"},{\"id\":\"dc920a66-c85a-4116-8eed-8ff543a9351f\",\"containerId\":\"39608396-63b9-424e-b1ec-9c9b722a8f6e\",\"name\":\"Nafees\",\"phone\":\"03161589950\",\"email\":\"faris.quecko@gmail.com\",\"avatarUrl\":null,\"tags\":[\"test\"],\"customFields\":{},\"createdAt\":\"2026-06-03T09:53:24.732Z\"}]"}
{"timestamp":"2026-07-03T18:25:07.366Z","level":"LOG","message":"6:25:07 PM [express] GET /api/containers/39608396-63b9-424e-b1ec-9c9b722a8f6e/knowledge-bases 200 in 758ms :: [{\"id\":\"9f6e9e5c-6efa-461f-9122-467756907e02\",\"containerId\":\"39608396-63b9-424e-b1ec-9c9b722a8f6e\",\"name\":\"menu\",\"description\":\"\",\"createdAt\":\"2026-07-03T11:46:06.181Z\"}]"}
{"timestamp":"2026-07-03T18:25:07.526Z","level":"LOG","message":"6:25:07 PM [express] GET /api/containers/39608396-63b9-424e-b1ec-9c9b722a8f6e/campaigns 200 in 2012ms :: []"}
{"timestamp":"2026-07-03T18:25:08.435Z","level":"LOG","message":"6:25:08 PM [express] GET /api/containers/39608396-63b9-424e-b1ec-9c9b722a8f6e/conversations 200 in 4223ms :: [{\"id\":\"369cba95-7e00-493c-9eff-b76a58c28be9\",\"containerId\":\"39608396-63b9-424e-b1ec-9c9b722a8f6e\",\"contactId\":\"ccc6e8b0-d886-4fa3-9308-a4b3a1952446\",\"assignedTo\":null,\"status\":\"open\",\"unreadCount\":4,\"lastMessageAt\":\"2026-07-03T18:23:22.951Z\",\"createdAt\":\"2026-06-03T10:05:00.124Z\",\"contact\":{\"id\":\"ccc6e8b0-d886-4fa3-9308-a4b3a1952446\",\"containerId\":\"39608396-63b9-424e-b1ec-9c9b722a8f6e\",\"name\":\"Faris Rizvi\",\"phone\":\"+923161589950\",\"email\":null,\"avatarUrl\":null,\"tags\":[],\"customFields\":{},\"createdAt\":\"2026-06-03T10:04:59.785Z\"},\"lastMessage\":{\"id\":\"bad14640-5b72-44a0-add5-4f2aaa1c3b81\",\"conversationId\":\"369cba95-7e00-493c-9eff-b76a58c28be9\",\"senderId\":null,\"content\":\"Let's do chocolate lava cake\",\"isFromContact\":true,\"isInternalNote\":false,\"mediaType\":null,\"mediaUrl\":null,\"whatsappMessageId\":\"wamid.HBgMOTIzMTYxNTg5OTUwFQIAEhggQUNFRkZCOTkwMzYyMDgwQzhFNUI1RDYzNzkzM0VERTIA\",\"createdAt\":\"2026-07-03T18:23:22.771Z\"}},{\"id\":\"112a3a49-0eca-4ed0-b81f-f4dfd3ba8b92\",\"containerId\":\"39608396-63b9-424e-b1ec-9c9b722a8f6e\",\"contactId\":\"1beb9de2-8a1d-4017-b6c0-2d5ef5e43b42\",\"assignedTo\":null,\"status\":\"open\",\"unreadCount\":0,\"lastMessageAt\":\"2026-06-08T17:57:35.158Z\",\"createdAt\":\"2026-06-06T14:20:20.035Z\",\"contact\":{\"id\":\"1beb9de2-8a1d-4017-b6c0-2d5ef5e43b42\",\"containerId\":\"39608396-63b9-424e-b1ec-9c9b722a8f6e\",\"name\":\"Sandbox Customer\",\"phone\":\"sandbox_test_phone\",\"email\":null,\"avatarUrl\":null,\"tags\":[],\"customFields\":{},\"createdAt\":\"2026-06-06T14:20:19.735Z\"},\"lastMessage\":{\"id\":\"abefd2dc-921c-4766-ae41-9542e0c27d94\",\"conversationId\":\"112a3a49-0eca-4ed0-b81f-f4dfd3ba8b92\",\"senderId\":null,\"content\":\"Yes I need this\",\"isFromContact\":true,\"isInternalNote\":false,\"mediaType\":null,\"mediaUrl\":null,\"whatsappMessageId\":null,\"createdAt\":\"2026-07-03T16:34:46.007Z\"}},{\"id\":\"8b2d82f1-5fa1-4ce5-8f82-383b12437700\",\"containerId\":\"39608396-63b9-424e-b1ec-9c9b722a8f6e\",\"contactId\":\"76461a69-6798-4788-9212-3c17468f7a1d\",\"assignedTo\":null,\"status\":\"open\",\"unreadCount\":0,\"lastMessageAt\":\"2026-06-08T17:47:32.503Z\",\"createdAt\":\"2026-06-08T17:47:32.503Z\",\"contact\":{\"id\":\"76461a69-6798-4788-9212-3c17468f7a1d\",\"containerId\":\"39608396-63b9-424e-b1ec-9c9b722a8f6e\",\"name\":\"Expert\",\"phone\":\"923132849200\",\"email\":null,\"avatarUrl\":null,\"tags\":[],\"customFields\":{\"address\":\"Karachi\"},\"createdAt\":\"2026-06-08T17:47:32.165Z\"},\"lastMessage\":{\"id\":\"11907c6d-672e-4b3c-8f10-114a87b3963d\",\"conversationId\":\"8b2d82f1-5fa1-4ce5-8f82-383b12437700\",\"senderId\":null,\"content\":\"Your total bill for a Spicy Bacon Burger, Truffle Fries, and Chocolate Lava Cake is PKR 2,850.\",\"isFromContact\":false,\"isInternalNote\":false,\"mediaType\":null,\"mediaUrl\":null,\"whatsappMessageId\":null,\"createdAt\":\"2026-06-08T17:57:40.720Z\"}},{\"id\":\"364aa1c7-435b-43d5-ab60-8d2e26e713d5\",\"containerId\":\"39608396-63b9-424e-b1ec-9c9b722a8f6e\",\"contactId\":\"0c98ddce-4ebd-452e-9334-9ba9e5404949\",\"assignedTo\":null,\"status\":\"open\",\"unreadCount\":0,\"lastMessageAt\":\"2026-06-06T17:52:29.232Z\",\"createdAt\":\"2026-06-06T17:52:29.232Z\",\"contact\":{\"id\":\"0c98ddce-4ebd-452e-9334-9ba9e5404949\",\"containerId\":\"39608396-63b9-424e-b1ec-9c9b722a8f6e\",\"name\":\"Fahad Suleman\",\"phone\":\"923333480179\",\"email\":null,\"avatarUrl\":null,\"tags\":[],\"customFields\":{\"address\":\"House number 38, G-13/1\"},\"createdAt\":\"2026-06-06T17:52:28.749Z\"},\"lastMessage\":{\"id\":\"223d2dc6-d1d3-43c3-a484-51e777b15634\",\"conversationId\":\"364aa1c7-435b-43d5-ab60-8d2e26e713d5\",\"senderId\":null,\"content\":\"Thanks Fahad Suleman! Your order number is TCH-1001. You've ordered a Classic Cheeseburger and Garlic Parmesan Wings. The total amount is PKR 2,150. Would you like to add a refreshing Craft House Lemonade to your order?\",\"isFromContact\":false,\"isInternalNote\":false,\"mediaType\":null,\"mediaUrl\":null,\"whatsappMessageId\":null,\"createdAt\":\"2026-06-06T18:01:20.614Z\"}},{\"id\":\"5a15679d-c1f9-40e2-a461-7c6aa317cbf2\",\"containerId\":\"39608396-63b9-424e-b1ec-9c9b722a8f6e\",\"contactId\":\"264f6aab-8db5-4114-adc1-4210a5a1d556\",\"assignedTo\":null,\"status\":\"open\",\"unreadCount\":0,\"lastMessageAt\":\"2026-06-06T16:12:44.929Z\",\"createdAt\":\"2026-06-06T16:09:54.156Z\",\"contact\":{\"id\":\"264f6aab-8db5-4114-adc1-4210a5a1d556\",\"containerId\":\"39608396-63b9-424e-b1ec-9c9b722a8f6e\",\"name\":\"Faتima\",\"phone\":\"923241929808\",\"email\":null,\"avatarUrl\":null,\"tags\":[],\"customFields\":{},\"createdAt\":\"2026-06-06T16:09:53.805Z\"},\"lastMessage\":{\"id\":\"b6133fd8-bcba-416e-911d-2e338e8d1bc1\",\"conversationId\":\"5a15679d-c1f9-40e2-a461-7c6aa317cbf2\",\"senderId\":\"91c650ee-a9db-4107-b12e-8074584590b1\",\"content\":\"Love you baby\",\"isFromContact\":false,\"isInternalNote\":false,\"mediaType\":null,\"mediaUrl\":null,\"whatsappMessageId\":\"wamid.HBgMOTIzMjQxOTI5ODA4FQIAERgSRDg5QzQxMTg3QUVDOTkyN0MyAA==\",\"createdAt\":\"2026-06-06T16:12:44.668Z\"}},{\"id\":\"c08f6a10-f8f0-46b9-acb1-5e2bd5b9a664\",\"containerId\":\"39608396-63b9-424e-b1ec-9c9b722a8f6e\",\"contactId\":\"2ae5d34f-e392-4e11-b118-ca75bf7b69e0\",\"assignedTo\":null,\"status\":\"open\",\"unreadCount\":0,\"lastMessageAt\":\"2026-06-06T16:06:17.312Z\",\"createdAt\":\"2026-06-06T16:06:17.312Z\",\"contact\":{\"id\":\"2ae5d34f-e392-4e11-b118-ca75bf7b69e0\",\"containerId\":\"39608396-63b9-424e-b1ec-9c9b722a8f6e\",\"name\":\"Faris Rizvi\",\"phone\":\"923161589950\",\"email\":null,\"avatarUrl\":null,\"tags\":[],\"customFields\":{\"address\":\"F11, Islamabad\"},\"createdAt\":\"2026-06-06T16:06:16.979Z\"},\"lastMessage\":{\"id\":\"9cdfdb6d-0810-4484-b756-7891f831b099\",\"conversationId\":\"c08f6a10-f8f0-46b9-acb1-5e2bd5b9a664\",\"senderId\":null,\"content\":\"Hi Faris! 😊 Your order is currently under preparation and hasn't been shipped yet. If you need any further assistance or modifications, feel free to let me know!\",\"isFromContact\":false,\"isInternalNote\":false,\"mediaType\":null,\"mediaUrl\":null,\"whatsappMessageId\":null,\"createdAt\":\"2026-06-10T14:36:26.081Z\"}},{\"id\":\"dee30da5-49c7-442a-b954-80914be52cde\",\"containerId\":\"39608396-63b9-424e-b1ec-9c9b722a8f6e\",\"contactId\":\"dc920a66-c85a-4116-8eed-8ff543a9351f\",\"assignedTo\":null,\"status\":\"open\",\"unreadCount\":0,\"lastMessageAt\":\"2026-06-03T09:54:18.393Z\",\"createdAt\":\"2026-06-03T09:53:32.691Z\",\"contact\":{\"id\":\"dc920a66-c85a-4116-8eed-8ff543a9351f\",\"containerId\":\"39608396-63b9-424e-b1ec-9c9b722a8f6e\",\"name\":\"Nafees\",\"phone\":\"03161589950\",\"email\":\"faris.quecko@gmail.com\",\"avatarUrl\":null,\"tags\":[\"test\"],\"customFields\":{},\"createdAt\":\"2026-06-03T09:53:24.732Z\"},\"lastMessage\":{\"id\":\"62c497a0-d25e-4593-a430-36b5acf21176\",\"conversationId\":\"dee30da5-49c7-442a-b954-80914be52cde\",\"senderId\":\"91c650ee-a9db-4107-b12e-8074584590b1\",\"content\":\"Hello\",\"isFromContact\":false,\"isInternalNote\":false,\"mediaType\":null,\"mediaUrl\":null,\"whatsappMessageId\":null,\"createdAt\":\"2026-06-03T09:54:18.010Z\"}}]"}
{"timestamp":"2026-07-03T18:25:10.066Z","level":"LOG","message":"6:25:10 PM [express] GET /api/knowledge-bases/9f6e9e5c-6efa-461f-9122-467756907e02/documents 200 in 749ms :: [{\"id\":\"f9419b46-2752-4692-8b58-da5699f2d447\",\"baseId\":\"9f6e9e5c-6efa-461f-9122-467756907e02\",\"filename\":\"restaurant_menu_inventory_pkr.csv\",\"status\":\"ready\",\"contentUrl\":null,\"createdAt\":\"2026-07-03T11:52:07.620Z\"}]"}
{"timestamp":"2026-07-03T18:25:44.990Z","level":"LOG","message":"[Flow Endpoint] Decrypted Body: {\"version\":\"3.0\",\"action\":\"ping\"}"}
{"timestamp":"2026-07-03T18:25:44.991Z","level":"LOG","message":"6:25:44 PM [express] POST /api/whatsapp/flow 200 in 3ms"}
{"timestamp":"2026-07-03T18:26:01.171Z","level":"LOG","message":"[Flow Endpoint] Decrypted Body: {\"version\":\"3.0\",\"action\":\"ping\"}"}
{"timestamp":"2026-07-03T18:26:01.171Z","level":"LOG","message":"6:26:01 PM [express] POST /api/whatsapp/flow 200 in 1ms"}
{"timestamp":"2026-07-03T18:26:43.454Z","level":"LOG","message":"Webhook POST received: {\"object\":\"whatsapp_business_account\",\"entries\":1}"}
{"timestamp":"2026-07-03T18:26:44.714Z","level":"LOG","message":"Webhook: matched container 39608396-63b9-424e-b1ec-9c9b722a8f6e for wabaId: 1715922699307037"}
{"timestamp":"2026-07-03T18:26:44.714Z","level":"LOG","message":"Webhook: signature verified for container: 39608396-63b9-424e-b1ec-9c9b722a8f6e"}
{"timestamp":"2026-07-03T18:26:44.714Z","level":"LOG","message":"Webhook: incoming message from 923161589950 (normalized: 923161589950 ) type: text preview: There?"}
{"timestamp":"2026-07-03T18:26:44.968Z","level":"LOG","message":"Webhook: matched existing contact: ccc6e8b0-d886-4fa3-9308-a4b3a1952446 Faris Rizvi +923161589950"}
{"timestamp":"2026-07-03T18:26:45.727Z","level":"LOG","message":"Webhook: stored message: 95bbc312-691e-4c2a-8af1-30bae66f91c2"}
{"timestamp":"2026-07-03T18:26:46.373Z","level":"LOG","message":"[Webhook] Sent typing_on indicator to 923161589950"}
{"timestamp":"2026-07-03T18:26:46.373Z","level":"LOG","message":"[Webhook] Triggering active workflow e79c7b9b-aa07-4818-a418-5394ad00aebd for message from 923161589950"}
{"timestamp":"2026-07-03T18:26:46.373Z","level":"LOG","message":"[DAG Engine] Starting execution for Workflow e79c7b9b-aa07-4818-a418-5394ad00aebd (Test: false, Resumed: false)"}
{"timestamp":"2026-07-03T18:26:46.374Z","level":"LOG","message":"6:26:46 PM [express] POST /api/webhook 200 in 2920ms :: {\"status\":\"ok\"}"}
{"timestamp":"2026-07-03T18:26:46.881Z","level":"LOG","message":"[DAG Engine] Executing Node: Incoming WhatsApp Message (webhook_trigger)"}
{"timestamp":"2026-07-03T18:26:47.984Z","level":"LOG","message":"[DAG Engine] Executing Node: Restaurant Intent AI (intent_router)"}
{"timestamp":"2026-07-03T18:26:49.643Z","level":"LOG","message":"[DAG Engine] Executing Node: Route Intent (router_switch)"}
{"timestamp":"2026-07-03T18:26:49.898Z","level":"LOG","message":"[DAG Engine] Executing Node: Menu Inquiry (RAG) (rag_inquiry)"}
{"timestamp":"2026-07-03T18:26:51.718Z","level":"LOG","message":"[DAG Engine] Executing Node: Send Answer (send_inquiry_reply)"}
{"timestamp":"2026-07-03T18:26:52.960Z","level":"LOG","message":"[DAG Engine] Found sentText in node \"send_inquiry_reply\": Yes, I'm here to help. How can I assist you with your inquiry about our menu or restaurant details?"}
{"timestamp":"2026-07-03T18:26:53.819Z","level":"LOG","message":"Webhook POST received: {\"object\":\"whatsapp_business_account\",\"entries\":1}"}
{"timestamp":"2026-07-03T18:26:54.072Z","level":"LOG","message":"Webhook: matched container 39608396-63b9-424e-b1ec-9c9b722a8f6e for wabaId: 1715922699307037"}
{"timestamp":"2026-07-03T18:26:54.073Z","level":"LOG","message":"Webhook: signature verified for container: 39608396-63b9-424e-b1ec-9c9b722a8f6e"}
{"timestamp":"2026-07-03T18:26:54.073Z","level":"LOG","message":"Webhook: message status update: {\"messageId\":\"wamid.HBgMOTIzMTYxNTg5OTUwFQIAERgSNjEwMUZFOTg2QkQ0QTI3MTlFAA==\",\"status\":\"sent\",\"recipient\":\"923161589950\"}"}
{"timestamp":"2026-07-03T18:26:54.074Z","level":"LOG","message":"6:26:54 PM [express] POST /api/webhook 200 in 254ms :: {\"status\":\"ok\"}"}
{"timestamp":"2026-07-03T18:26:54.467Z","level":"LOG","message":"Webhook POST received: {\"object\":\"whatsapp_business_account\",\"entries\":1}"}
{"timestamp":"2026-07-03T18:26:54.720Z","level":"LOG","message":"Webhook: matched container 39608396-63b9-424e-b1ec-9c9b722a8f6e for wabaId: 1715922699307037"}
{"timestamp":"2026-07-03T18:26:54.720Z","level":"LOG","message":"Webhook: signature verified for container: 39608396-63b9-424e-b1ec-9c9b722a8f6e"}
{"timestamp":"2026-07-03T18:26:54.720Z","level":"LOG","message":"Webhook: message status update: {\"messageId\":\"wamid.HBgMOTIzMTYxNTg5OTUwFQIAERgSNjEwMUZFOTg2QkQ0QTI3MTlFAA==\",\"status\":\"delivered\",\"recipient\":\"923161589950\"}"}
{"timestamp":"2026-07-03T18:26:54.721Z","level":"LOG","message":"6:26:54 PM [express] POST /api/webhook 200 in 253ms :: {\"status\":\"ok\"}"}
